<testsuites name="jest tests" tests="0" failures="0" time="4.852">
</testsuites>